2025-01-03 09:56:00 | DEBUG | repo=pv243-2015-infinispan-seminar | action=commit
2025-03-09 20:59:00 | INFO | repo=pv243-2015-infinispan-seminar | action=test | passed=true
2025-12-11 09:50:00 | DEBUG | repo=pv243-2015-infinispan-seminar | action=commit
2025-10-10 20:16:00 | INFO | repo=pv243-2015-infinispan-seminar | action=commit
2025-04-11 20:34:00 | DEBUG | repo=pv243-2015-infinispan-seminar | action=commit
2025-10-04 14:12:00 | INFO | repo=pv243-2015-infinispan-seminar | action=commit
2025-04-19 18:50:00 | WARN | repo=pv243-2015-infinispan-seminar | action=test | passed=true
2025-05-04 16:53:00 | WARN | repo=pv243-2015-infinispan-seminar | action=test | passed=true
2025-08-14 21:25:00 | DEBUG | repo=pv243-2015-infinispan-seminar | action=edit | files=4
2025-09-15 10:58:00 | WARN | repo=pv243-2015-infinispan-seminar | action=commit
2025-10-05 10:35:00 | DEBUG | repo=pv243-2015-infinispan-seminar | action=commit
2025-05-07 13:56:00 | WARN | repo=pv243-2015-infinispan-seminar | action=commit
2025-10-25 19:04:00 | INFO | repo=pv243-2015-infinispan-seminar | action=commit
2025-01-02 19:10:00 | DEBUG | repo=pv243-2015-infinispan-seminar | action=commit
2025-09-04 11:36:00 | INFO | repo=pv243-2015-infinispan-seminar | action=edit | files=3
2025-03-16 17:46:00 | INFO | repo=pv243-2015-infinispan-seminar | action=commit
2025-09-17 19:32:00 | WARN | repo=pv243-2015-infinispan-seminar | action=commit
2025-10-24 07:01:00 | INFO | repo=pv243-2015-infinispan-seminar | action=commit
2025-05-03 15:14:00 | WARN | repo=pv243-2015-infinispan-seminar | action=commit
2025-08-05 16:59:00 | WARN | repo=pv243-2015-infinispan-seminar | action=commit
2025-07-13 09:16:00 | WARN | repo=pv243-2015-infinispan-seminar | action=commit
